"OriginalName","HMDB","pathWayToolsName"
"caproate","HMDB00535","HEXANOATE"
"hydrocinnamate","HMDB00764","3-PHENYLPROPIONATE"
"mandelate","HMDB00703","CPD-122"
"caprate","HMDB00511","CPD-3617"
"indoleacetate","HMDB00197","INDOLE_ACETATE_AUXIN"
"dodecanoate","HMDB00638","DODECANOATE"
"palmitoleate","HMDB03229","CPD-9245"
"palmitate","HMDB00220","PALMITATE"
"alpha-linolenate","HMDB01388","LINOLENIC_ACID"
"linoleate","HMDB00673","LINOLEIC_ACID"
"oleate","HMDB00207","OLEATE-CPD"
"stearate","HMDB00827","STEARIC_ACID"
"eicosapentaenoate","HMDB01999","5Z8Z11Z14Z17Z-EICOSAPENTAENOATE"
"arachidonate","HMDB01043","ARACHIDONIC_ACID"
"docosahexaenoate","HMDB02183","CPD-10244"
"oleanate","HMDB02364","CPD-9459"
"lithocholate","HMDB00761","CPD-7235"
"chenodeoxycholate","HMDB00518","CPD-15189"
"deoxycholate","HMDB00626","DEOXYCHOLATE"
"cholate","HMDB00619","CHOLATE"
"glycochenodeoxycholate","HMDB00637","GLYCOCHENODEOXYCHOLIC_ACID"
"glycocholate","HMDB00138","GLYCOCHOLIC_ACID"
"taurochenodeoxycholate","HMDB00951","CPD-7283"
"taurocholate","HMDB00036","CPD-3743"
"salicylate","HMDB01895","CPD-110"
"theophylline","HMDB01889","CPD-12479"
"alpha-CEHC","HMDB01518","CPD-11962"
"crustecdysone","HMDB30180","CPD-276"
"p-hydroxyphenylacetate","HMDB00020","4-HYDROXYPHENYLACETATE"
"porphobilinogen","HMDB00245","PORPHOBILINOGEN"
"C16:0 LPC","HMDB10382","CPD-8343"
"sphingosine","HMDB00252","SPHINGOSINE"
"cholesterol","HMDB00067","CHOLESTEROL"
"piperine","HMDB29377","N-EE-PIPEROYL-PIPERIDINE"
"1-3-7-trimethylurate","HMDB02123","CPD-12480"
"2-aminoadipate","HMDB00510","CPD-468"
"4-hydroxybenzaldehyde","HMDB11718","4-HYDROXYBENZALDEHYDE"
"4-hydroxybenzeneacetonitrile","HMDB29757","CPD-1074"
"4-methylcatechol","HMDB00873","4-METHYLCATECHOL"
"4-nitrophenol","HMDB01232","P-NITROPHENOL"
"4-pyridoxate","HMDB00017","CPD-1112"
"adenine","HMDB00034","ADENINE"
"adipate","HMDB00448","ADIPATE"
"alanine","HMDB00161","L-ALPHA-ALANINE"
"alpha-glycerophosphate","HMDB00126","GLYCEROL-3P"
"alpha-ketoisovalerate","HMDB00019","2-KETO-ISOVALERATE"
"arginine","HMDB00517","ARG"
"ascorbate","HMDB00044","ASCORBATE"
"asparagine","HMDB00168","ASN"
"aspartate","HMDB00191","L-ASPARTATE"
"butyrate","HMDB00039","BUTYRIC_ACID"
"caproate","HMDB00535","HEXANOATE"
"caprylate","HMDB00482","CPD-195"
"cholate","HMDB00619","CHOLATE"
"citrate","HMDB00094","CIT"
"citrulline","HMDB00904","L-CITRULLINE"
"corticosterone","HMDB01547","CORTICOSTERONE"
"dCMP","HMDB01202","DCMP"
"diaminopimelate","HMDB01370","LL-DIAMINOPIMELATE"
"dTMP","HMDB01227","TMP"
"eicosapentaenoate","HMDB01999","5Z8Z11Z14Z17Z-EICOSAPENTAENOATE"
"fucose","HMDB00174","CPD-10329"
"gentisate","HMDB00152","CPD-633"
"glutamate","HMDB03339","D-GLT"
"glycerate","HMDB00139","GLYCERATE"
"glycocholate","HMDB00138","GLYCOCHOLIC_ACID"
"guanine","HMDB00132","GUANINE"
"guanosine","HMDB00133","GUANOSINE"
"homovanillate","HMDB00118","CPD-7651"
"hydrocinnamate","HMDB00764","3-PHENYLPROPIONATE"
"hypoxanthine","HMDB00157","HYPOXANTHINE"
"inosine","HMDB00195","INOSINE"
"lactate","HMDB00190","L-LACTATE"
"lactose","HMDB00186","Alpha-lactose"
"leucine","HMDB00687","LEU"
"lithocholate","HMDB00761","CPD-7235"
"malate","HMDB00156","MAL"
"malonate","HMDB00691","MALONATE"
"methionine","HMDB00696","MET"
"N6-acetyllysine","HMDB00206","CPD-567"
"N-acetylglutamate","HMDB01138","ACETYL-GLU"
"nicotinate","HMDB01488","NIACINE"
"norepinephrine","HMDB00216","NOREPINEPHRINE"
"orotate","HMDB00226","OROTATE"
"oxalate","HMDB02329","OXALATE"
"pantothenate","HMDB00210","PANTOTHENATE"
"phenylacetate","HMDB00209","PHENYLACETATE"
"phenylacetylglutamine","HMDB06344","CPD-1097"
"proline","HMDB00162","PRO"
"propionate","HMDB00237","PROPIONATE"
"pseudouridine","HMDB00767","CPD-497"
"pyrocatechol","HMDB00957","CATECHOL"
"riboflavin","HMDB00244","RIBOFLAVIN"
"salicylate","HMDB01895","CPD-110"
"serine","HMDB00187","SER"
"shikimate","HMDB03070","SHIKIMATE"
"sorbitol","HMDB00247","SORBITOL"
"succinate","HMDB00254","SUC"
"tartarate","HMDB00956","TARTRATE"
"taurine","HMDB00251","TAURINE"
"threonine","HMDB00167","THR"
"thymine","HMDB00262","THYMINE"
"tryptophan","HMDB00929","TRP"
"tyrosine","HMDB00158","TYR"
"UMP","HMDB00288","UMP"
"uracil","HMDB00300","URACIL"
"urate","HMDB00289","URATE"
"uridine","HMDB00296","URIDINE"
"xanthine","HMDB00292","XANTHINE"
"xanthurenate","HMDB00881","XANTHURENATE"
"xylose","HMDB00098","XYLOSE"
"bilirubin","HMDB00054","BILIRUBIN"
"cytidine","HMDB00089","CYTIDINE"
"hypoxanthine","HMDB00157","HYPOXANTHINE"
"inosine","HMDB00195","INOSINE"
"pantothenate","HMDB00210","PANTOTHENATE"
"glycine","HMDB00123","GLY"
"alanine","HMDB00161","L-ALPHA-ALANINE"
"serine","HMDB00187","SER"
"methionine","HMDB00696","MET"
"aspartate","HMDB00191","L-ASPARTATE"
"glutamate","HMDB00148","GLT"
"glutamine","HMDB00641","GLN"
"histidine","HMDB00177","HIS"
"arginine","HMDB00517","ARG"
"lysine","HMDB00182","LYS"
"valine","HMDB00883","VAL"
"leucine","HMDB00687","LEU"
"isoleucine","HMDB00172","ILE"
"phenylalanine","HMDB00159","PHE"
"tyrosine","HMDB00158","TYR"
"tryptophan","HMDB00929","TRP"
"proline","HMDB00162","PRO"
"hydroxyproline","HMDB00725","4-HYDROXY-L-PROLINE"
"ornithine","HMDB00214","L-ORNITHINE"
"citrulline","HMDB00904","L-CITRULLINE"
"taurine","HMDB00251","TAURINE"
"serotonin","HMDB00259","SEROTONIN"
"dimethylglycine","HMDB00092","DIMETHYL-GLYCINE"
"kynurenic acid","HMDB00715","KYNURENATE"
"1-methylhistamine","HMDB00898","N-METHYL-HISTAMINE"
"histamine","HMDB00870","HISTAMINE"
"N-carbamoyl-beta-alanine","HMDB00026","3-UREIDO-PROPIONATE"
"niacinamide","HMDB01406","NIACINAMIDE"
"betaine","HMDB00043","BETAINE"
"choline","HMDB00097","CHOLINE"
"spermidine","HMDB01257","SPERMIDINE"
"creatine","HMDB00064","CREATINE"
"creatinine","HMDB00562","CREATININE"
"trimethylamine-N-oxide","HMDB00925","TRIMETHYLAMINE-N-O"
"adenosine","HMDB00050","ADENOSINE"
"cytosine","HMDB00630","CYTOSINE"
"2-deoxyadenosine","HMDB00101","DEOXYADENOSINE"
"2-deoxycytidine","HMDB00014","DEOXYCYTIDINE"
"cotinine","HMDB01046","CPD-2742"
"pipecolic acid","HMDB00716","L-PIPECOLATE"
"5-aminolevulinic acid","HMDB01149","5-AMINO-LEVULINATE"
"putrescine","HMDB01414","PUTRESCINE"
"beta-alanine","HMDB00056","B-ALANINE"
"carnitine","HMDB00062","D-CARNITINE"
"C2 carnitine","HMDB00201","O-ACETYLCARNITINE"
"3-methylxanthine","HMDB01886","3-METHYLXANTHINE"
"4-aminophenol","HMDB01169","CPD-259"
"4-guanidinobutanoic acid","HMDB03464","CPD-592"
"7-methylxanthine","HMDB01991","7-METHYLXANTHINE"
"agmatine","HMDB01432","AGMATHINE"
"alloisoleucine","HMDB00557","CPD-16506"
"biliverdin","HMDB01008","BILIVERDINE"
"biotin","HMDB00030","BIOTIN"
"cadaverine","HMDB02322","CADAVERINE"
"caffeine","HMDB01847","1-3-7-TRIMETHYLXANTHINE"
"guanidoacetic acid","HMDB00128","GUANIDOACETIC_ACID"
"histidinol","HMDB03431","HISTIDINOL"
"hydroxycotinine","HMDB01390","CPD-2750"
"imidazoleacetic acid","HMDB02024","4-IMIDAZOLEACETATE"
"N1-acetylspermidine","HMDB01276","CPD-568"
"N1-acetylspermine","HMDB01186","N1-ACETYLSPERMINE"
"N6-acetyllysine","HMDB00206","CPD-567"
"N-acetylornithine","HMDB03357","N-ALPHA-ACETYLORNITHINE"
"N-acetylputrescine","HMDB02064","CPD-569"
"N6,N6,N6-trimethyllysine","HMDB01325","N6N6N6-TRIMETHYL-L-LYSINE"
"phytosphingosine","HMDB04610","PHYTOSPINGOSINE"
"piperine","HMDB29377","N-EE-PIPEROYL-PIPERIDINE"
"proline betaine","HMDB04827","CPD-821"
"pyridoxine","HMDB00239","PYRIDOXINE"
"quinine","HMDB14611","QUININE"
"S-adenosylmethionine","HMDB01185","S-ADENOSYLMETHIONINE"
"sphinganine","HMDB00269","CPD-13612"
"trigonelline","HMDB00875","METHYLNICOTINATE"
